
[notice] A new release of pip is available: 25.0.1 -> 26.2.1
[notice] To update, run: H:\QuantumPython\QDNU\.venv\Scripts\python.exe -m pip install --upgrade pip
Installing pyedflib...
pyedflib installed.
CH8 montage: ['FP1-F7', 'F7-T7', 'FP1-F3', 'F3-C3', 'FP2-F8', 'F8-T8', 'FP2-F4', 'F4-C4']
Subjects: ['chb01', 'chb03', 'chb05', 'chb07', 'chb11', 'chb14', 'chb21']
Bands: {'theta': (4.0, 8.0), 'alpha': (8.0, 15.0)} | Window samples: {'1.95s': 499, '20s': 5120}

=== Step 1: per-window complex PLV ===
Processing chb01...
  [chb01] 360 x 1.95s windows, 24 x 20s windows (12s)
Processing chb03...
  [chb03] 360 x 1.95s windows, 24 x 20s windows (12s)
Processing chb05...
  [chb05] 300 x 1.95s windows, 20 x 20s windows (10s)
Processing chb07...
  [chb07] 240 x 1.95s windows, 16 x 20s windows (22s)
Processing chb11...
  [chb11] 240 x 1.95s windows, 16 x 20s windows (8s)
Processing chb14...
  [chb14] 390 x 1.95s windows, 26 x 20s windows (17s)
Processing chb21...
  [chb21] 270 x 1.95s windows, 18 x 20s windows (11s)

=== Step 2: ictal vs interictal shifts ===
  1.95s: ictal windows {'chb01': 105, 'chb03': 105, 'chb05': 75, 'chb07': 45, 'chb11': 45, 'chb14': 120, 'chb21': 60}
  1.95s: inter windows {'chb01': 150, 'chb03': 150, 'chb05': 150, 'chb07': 150, 'chb11': 150, 'chb14': 150, 'chb21': 150}
  20s: ictal windows {'chb01': 7, 'chb03': 7, 'chb05': 5, 'chb07': 3, 'chb11': 3, 'chb14': 8, 'chb21': 4}
  20s: inter windows {'chb01': 10, 'chb03': 10, 'chb05': 10, 'chb07': 10, 'chb11': 10, 'chb14': 10, 'chb21': 10}

=== Step 3: polarity correlation ===
  1.95s: 8/56 flagged (5 by sign agreement >= 6/7; chance ~7/56 for that criterion alone)
  1.95s: permutation p (n_flagged) = 0.914, p (mean|r|) = 0.657  [1/35 = 0.029 floor]
  20s: 12/56 flagged (9 by sign agreement >= 6/7; chance ~7/56 for that criterion alone)
  20s: permutation p (n_flagged) = 0.229, p (mean|r|) = 0.400  [1/35 = 0.029 floor]

=== Step 4: LOSO XGBoost (20s, ictal vs interictal) ===
  dataset: 107 windows, 37 ictal, 70 interictal
  r_alone: pooled AUC 0.6741, mean per-patient 0.6732
  delta_alone: pooled AUC 0.3429, mean per-patient 0.3713
  r_plus_delta: pooled AUC 0.5606, mean per-patient 0.6376

=== Step 5: strong vs weak polar ===
  1.95s: strong mean|delta|=0.557 weak=0.515 p(greater)=0.600
  20s: strong mean|delta|=0.596 weak=0.548 p(greater)=0.600

Done in 106s. Outputs in H:\QuantumPython\QDNU\results\prompt036
